ru\practicum\shareit\itemTest\ItemControllerTest.class
ru\practicum\shareit\ShareItTests.class
ru\practicum\shareit\requestTest\RequestControllerTest.class
ru\practicum\shareit\requestTest\RequestServiceTest.class
ru\practicum\shareit\exceptionTest\AlreadyExistsExceptionTest.class
ru\practicum\shareit\itemTest\commentTest\CommentMapperTest.class
ru\practicum\shareit\bookingTest\BookingControllerTest.class
ru\practicum\shareit\userTest\UserRepositoriyTest.class
ru\practicum\shareit\userTest\UserControllerTest.class
ru\practicum\shareit\bookingTest\BookingServiceTest.class
ru\practicum\shareit\CorsConfigTest.class
ru\practicum\shareit\exceptionTest\ErrorHandlerTest.class
ru\practicum\shareit\exceptionTest\ValidationExceptionTest.class
ru\practicum\shareit\exceptionTest\InvalidStateExceptionTest.class
ru\practicum\shareit\itemTest\ItemRepositoryTest.class
ru\practicum\shareit\requestTest\RequestRepositoryTest.class
ru\practicum\shareit\userTest\UserMapperTest.class
ru\practicum\shareit\bookingTest\BookingRepositoryTest.class
ru\practicum\shareit\itemTest\commentTest\CommentServiceTest.class
ru\practicum\shareit\itemTest\commentTest\CommentRepositoryTest.class
ru\practicum\shareit\itemTest\ItemServiceTest.class
ru\practicum\shareit\userTest\UserServiceTest.class
ru\practicum\shareit\bookingTest\BookingMapperTest.class
ru\practicum\shareit\itemTest\ItemMapperTest.class
ru\practicum\shareit\exceptionTest\NotFoundExceptionTest.class
ru\practicum\shareit\requestTest\RequestMapperTest.class
