ru\practicum\shareit\item\comment\CommentRepository.class
ru\practicum\shareit\item\ItemRepository.class
ru\practicum\shareit\booking\BookingService.class
ru\practicum\shareit\exception\ValidationException.class
ru\practicum\shareit\item\dto\ItemDto$ItemDtoBuilder.class
ru\practicum\shareit\user\UserController.class
ru\practicum\shareit\user\UserMapper.class
ru\practicum\shareit\request\dto\ItemRequestDto$ItemRequestDtoBuilder.class
ru\practicum\shareit\booking\BookingMapper.class
ru\practicum\shareit\item\comment\CommentService.class
ru\practicum\shareit\user\UserServiceImpl.class
ru\practicum\shareit\request\dto\ItemRequestDto.class
ru\practicum\shareit\item\ItemMapper.class
ru\practicum\shareit\user\UserRepository.class
ru\practicum\shareit\booking\dto\BookingDto.class
ru\practicum\shareit\booking\dto\InputBookingDTO.class
ru\practicum\shareit\request\ItemRequestController.class
ru\practicum\shareit\item\comment\Comment$CommentBuilder.class
ru\practicum\shareit\item\comment\CommentMapper.class
ru\practicum\shareit\item\comment\CommentDTO.class
ru\practicum\shareit\user\UserService.class
ru\practicum\shareit\request\ItemRequestRepository.class
ru\practicum\shareit\request\ItemRequestMapper.class
ru\practicum\shareit\exception\InvalidStateException.class
ru\practicum\shareit\user\User$UserBuilder.class
ru\practicum\shareit\booking\BookingRepository.class
ru\practicum\shareit\exception\ErrorHandler.class
ru\practicum\shareit\booking\BookingController.class
ru\practicum\shareit\request\ItemRequest$ItemRequestBuilder.class
ru\practicum\shareit\user\UserDTO.class
ru\practicum\shareit\booking\dto\ShortBookingDTO.class
ru\practicum\shareit\booking\Booking$BookingBuilder.class
ru\practicum\shareit\item\ItemServiceImpl.class
ru\practicum\shareit\exception\AlreadyExistsException.class
ru\practicum\shareit\booking\BookingServiceImpl.class
ru\practicum\shareit\booking\BookingState.class
ru\practicum\shareit\booking\dto\BookingDto$BookingDtoBuilder.class
ru\practicum\shareit\ErrorResponse.class
ru\practicum\shareit\exception\NotFoundException.class
ru\practicum\shareit\item\comment\Comment.class
ru\practicum\shareit\item\comment\CommentServiceImpl.class
ru\practicum\shareit\request\ItemRequestServiceImpl.class
ru\practicum\shareit\ShareItApp.class
ru\practicum\shareit\booking\Booking.class
ru\practicum\shareit\item\dto\ItemDto.class
ru\practicum\shareit\request\ItemRequestService.class
ru\practicum\shareit\item\comment\CommentDTO$CommentDTOBuilder.class
ru\practicum\shareit\booking\BookingStatus.class
ru\practicum\shareit\item\ItemController.class
ru\practicum\shareit\item\model\Item.class
ru\practicum\shareit\booking\dto\ShortBookingDTO$ShortBookingDTOBuilder.class
ru\practicum\shareit\item\model\Item$ItemBuilder.class
ru\practicum\shareit\Config.class
ru\practicum\shareit\user\User.class
ru\practicum\shareit\booking\BookingServiceImpl$1.class
ru\practicum\shareit\booking\dto\InputBookingDTO$InputBookingDTOBuilder.class
ru\practicum\shareit\user\UserDTO$UserDTOBuilder.class
ru\practicum\shareit\item\ItemService.class
ru\practicum\shareit\request\ItemRequest.class
