D:\java\java-shareit\src\main\java\ru\practicum\shareit\booking\dto\InputBookingDTO.java
D:\java\java-shareit\src\main\java\ru\practicum\shareit\user\UserService.java
D:\java\java-shareit\src\main\java\ru\practicum\shareit\booking\dto\BookingDto.java
D:\java\java-shareit\src\main\java\ru\practicum\shareit\exception\ValidationException.java
D:\java\java-shareit\src\main\java\ru\practicum\shareit\request\ItemRequestService.java
D:\java\java-shareit\src\main\java\ru\practicum\shareit\item\comment\CommentServiceImpl.java
D:\java\java-shareit\src\main\java\ru\practicum\shareit\item\ItemServiceImpl.java
D:\java\java-shareit\src\main\java\ru\practicum\shareit\booking\dto\ShortBookingDTO.java
D:\java\java-shareit\src\main\java\ru\practicum\shareit\request\ItemRequestMapper.java
D:\java\java-shareit\src\main\java\ru\practicum\shareit\exception\AlreadyExistsException.java
D:\java\java-shareit\src\main\java\ru\practicum\shareit\request\dto\ItemRequestDto.java
D:\java\java-shareit\src\main\java\ru\practicum\shareit\user\UserController.java
D:\java\java-shareit\src\main\java\ru\practicum\shareit\user\UserMapper.java
D:\java\java-shareit\src\main\java\ru\practicum\shareit\user\User.java
D:\java\java-shareit\src\main\java\ru\practicum\shareit\item\comment\CommentDTO.java
D:\java\java-shareit\src\main\java\ru\practicum\shareit\booking\BookingController.java
D:\java\java-shareit\src\main\java\ru\practicum\shareit\booking\BookingServiceImpl.java
D:\java\java-shareit\src\main\java\ru\practicum\shareit\user\UserDTO.java
D:\java\java-shareit\src\main\java\ru\practicum\shareit\Config.java
D:\java\java-shareit\src\main\java\ru\practicum\shareit\item\ItemService.java
D:\java\java-shareit\src\main\java\ru\practicum\shareit\request\ItemRequest.java
D:\java\java-shareit\src\main\java\ru\practicum\shareit\booking\BookingMapper.java
D:\java\java-shareit\src\main\java\ru\practicum\shareit\item\ItemRepository.java
D:\java\java-shareit\src\main\java\ru\practicum\shareit\request\ItemRequestRepository.java
D:\java\java-shareit\src\main\java\ru\practicum\shareit\user\UserServiceImpl.java
D:\java\java-shareit\src\main\java\ru\practicum\shareit\request\ItemRequestServiceImpl.java
D:\java\java-shareit\src\main\java\ru\practicum\shareit\booking\Booking.java
D:\java\java-shareit\src\main\java\ru\practicum\shareit\item\model\Item.java
D:\java\java-shareit\src\main\java\ru\practicum\shareit\exception\NotFoundException.java
D:\java\java-shareit\src\main\java\ru\practicum\shareit\exception\ErrorHandler.java
D:\java\java-shareit\src\main\java\ru\practicum\shareit\item\comment\Comment.java
D:\java\java-shareit\src\main\java\ru\practicum\shareit\ShareItApp.java
D:\java\java-shareit\src\main\java\ru\practicum\shareit\booking\BookingRepository.java
D:\java\java-shareit\src\main\java\ru\practicum\shareit\item\comment\CommentMapper.java
D:\java\java-shareit\src\main\java\ru\practicum\shareit\item\comment\CommentService.java
D:\java\java-shareit\src\main\java\ru\practicum\shareit\item\ItemMapper.java
D:\java\java-shareit\src\main\java\ru\practicum\shareit\item\comment\CommentRepository.java
D:\java\java-shareit\src\main\java\ru\practicum\shareit\request\ItemRequestController.java
D:\java\java-shareit\src\main\java\ru\practicum\shareit\item\ItemController.java
D:\java\java-shareit\src\main\java\ru\practicum\shareit\booking\BookingService.java
D:\java\java-shareit\src\main\java\ru\practicum\shareit\booking\BookingState.java
D:\java\java-shareit\src\main\java\ru\practicum\shareit\exception\InvalidStateException.java
D:\java\java-shareit\src\main\java\ru\practicum\shareit\user\UserRepository.java
D:\java\java-shareit\src\main\java\ru\practicum\shareit\ErrorResponse.java
D:\java\java-shareit\src\main\java\ru\practicum\shareit\item\dto\ItemDto.java
D:\java\java-shareit\src\main\java\ru\practicum\shareit\booking\BookingStatus.java
