D:\java\java-shareit\src\test\java\ru\practicum\shareit\userTest\UserServiceTest.java
D:\java\java-shareit\src\test\java\ru\practicum\shareit\bookingTest\BookingRepositoryTest.java
D:\java\java-shareit\src\test\java\ru\practicum\shareit\itemTest\ItemRepositoryTest.java
D:\java\java-shareit\src\test\java\ru\practicum\shareit\exceptionTest\AlreadyExistsExceptionTest.java
D:\java\java-shareit\src\test\java\ru\practicum\shareit\exceptionTest\ValidationExceptionTest.java
D:\java\java-shareit\src\test\java\ru\practicum\shareit\requestTest\RequestControllerTest.java
D:\java\java-shareit\src\test\java\ru\practicum\shareit\requestTest\RequestRepositoryTest.java
D:\java\java-shareit\src\test\java\ru\practicum\shareit\itemTest\ItemControllerTest.java
D:\java\java-shareit\src\test\java\ru\practicum\shareit\bookingTest\BookingServiceTest.java
D:\java\java-shareit\src\test\java\ru\practicum\shareit\ShareItTests.java
D:\java\java-shareit\src\test\java\ru\practicum\shareit\itemTest\commentTest\CommentMapperTest.java
D:\java\java-shareit\src\test\java\ru\practicum\shareit\CorsConfigTest.java
D:\java\java-shareit\src\test\java\ru\practicum\shareit\itemTest\commentTest\CommentRepositoryTest.java
D:\java\java-shareit\src\test\java\ru\practicum\shareit\requestTest\RequestServiceTest.java
D:\java\java-shareit\src\test\java\ru\practicum\shareit\requestTest\RequestMapperTest.java
D:\java\java-shareit\src\test\java\ru\practicum\shareit\userTest\UserMapperTest.java
D:\java\java-shareit\src\test\java\ru\practicum\shareit\bookingTest\BookingControllerTest.java
D:\java\java-shareit\src\test\java\ru\practicum\shareit\exceptionTest\ErrorHandlerTest.java
D:\java\java-shareit\src\test\java\ru\practicum\shareit\itemTest\ItemServiceTest.java
D:\java\java-shareit\src\test\java\ru\practicum\shareit\exceptionTest\InvalidStateExceptionTest.java
D:\java\java-shareit\src\test\java\ru\practicum\shareit\userTest\UserControllerTest.java
D:\java\java-shareit\src\test\java\ru\practicum\shareit\bookingTest\BookingMapperTest.java
D:\java\java-shareit\src\test\java\ru\practicum\shareit\exceptionTest\NotFoundExceptionTest.java
D:\java\java-shareit\src\test\java\ru\practicum\shareit\itemTest\commentTest\CommentServiceTest.java
D:\java\java-shareit\src\test\java\ru\practicum\shareit\itemTest\ItemMapperTest.java
D:\java\java-shareit\src\test\java\ru\practicum\shareit\userTest\UserRepositoriyTest.java
